// Jest Snapshot v1, https://goo.gl/fbAQLP

exports[`App Renders Correctly 1`] = `
<div
  className="MuiBox-root css-1796qej"
>
  <div
    className="css-6w7iyt-MuiStack-root"
  >
    <a
      href="/"
      onClick={[Function]}
    >
      <svg
        alt="logo"
        aria-hidden="true"
        className="svg-inline--fa fa-angle-left "
        data-icon="angle-left"
        data-prefix="fas"
        focusable="false"
        role="img"
        style={
          Object {
            "color": "#FFF",
            "fontSize": "1.8rem",
          }
        }
        viewBox="0 0 320 512"
        xmlns="http://www.w3.org/2000/svg"
      >
        <path
          d="M41.4 233.4c-12.5 12.5-12.5 32.8 0 45.3l160 160c12.5 12.5 32.8 12.5 45.3 0s12.5-32.8 0-45.3L109.3 256 246.6 118.6c12.5-12.5 12.5-32.8 0-45.3s-32.8-12.5-45.3 0l-160 160z"
          fill="currentColor"
          style={Object {}}
        />
      </svg>
    </a>
    <a
      href="/"
      onClick={[Function]}
    >
      <img
        alt="logo"
        src="dumbbell.png"
        style={
          Object {
            "height": "48px",
            "margin": "0px 20px",
            "width": "48px",
          }
        }
      />
    </a>
    <div
      className="css-vb1b7d-MuiStack-root"
    >
      <a
        href="/"
        onClick={[Function]}
        style={
          Object {
            "color": "#FFF",
            "textDecoration": "none",
          }
        }
      >
        Home
      </a>
      <a
        href="#exercises"
        style={
          Object {
            "color": "#FFF",
            "textDecoration": "none",
          }
        }
      >
        Exercises
      </a>
    </div>
    <svg
      alt="microphone"
      aria-hidden="true"
      className="svg-inline--fa fa-microphone "
      data-icon="microphone"
      data-prefix="fas"
      focusable="false"
      role="img"
      style={
        Object {
          "color": "#FFF",
          "fontSize": "1.3rem",
        }
      }
      viewBox="0 0 384 512"
      xmlns="http://www.w3.org/2000/svg"
    >
      <path
        d="M192 0C139 0 96 43 96 96V256c0 53 43 96 96 96s96-43 96-96V96c0-53-43-96-96-96zM64 216c0-13.3-10.7-24-24-24s-24 10.7-24 24v40c0 89.1 66.2 162.7 152 174.4V464H120c-13.3 0-24 10.7-24 24s10.7 24 24 24h72 72c13.3 0 24-10.7 24-24s-10.7-24-24-24H216V430.4c85.8-11.7 152-85.3 152-174.4V216c0-13.3-10.7-24-24-24s-24 10.7-24 24v40c0 70.7-57.3 128-128 128s-128-57.3-128-128V216z"
        fill="currentColor"
        style={Object {}}
      />
    </svg>
    <svg
      aria-hidden="true"
      className="svg-inline--fa fa-gear "
      data-icon="gear"
      data-prefix="fas"
      focusable="false"
      role="img"
      style={
        Object {
          "color": "#FFF",
        }
      }
      viewBox="0 0 512 512"
      xmlns="http://www.w3.org/2000/svg"
    >
      <path
        d="M495.9 166.6c3.2 8.7 .5 18.4-6.4 24.6l-43.3 39.4c1.1 8.3 1.7 16.8 1.7 25.4s-.6 17.1-1.7 25.4l43.3 39.4c6.9 6.2 9.6 15.9 6.4 24.6c-4.4 11.9-9.7 23.3-15.8 34.3l-4.7 8.1c-6.6 11-14 21.4-22.1 31.2c-5.9 7.2-15.7 9.6-24.5 6.8l-55.7-17.7c-13.4 10.3-28.2 18.9-44 25.4l-12.5 57.1c-2 9.1-9 16.3-18.2 17.8c-13.8 2.3-28 3.5-42.5 3.5s-28.7-1.2-42.5-3.5c-9.2-1.5-16.2-8.7-18.2-17.8l-12.5-57.1c-15.8-6.5-30.6-15.1-44-25.4L83.1 425.9c-8.8 2.8-18.6 .3-24.5-6.8c-8.1-9.8-15.5-20.2-22.1-31.2l-4.7-8.1c-6.1-11-11.4-22.4-15.8-34.3c-3.2-8.7-.5-18.4 6.4-24.6l43.3-39.4C64.6 273.1 64 264.6 64 256s.6-17.1 1.7-25.4L22.4 191.2c-6.9-6.2-9.6-15.9-6.4-24.6c4.4-11.9 9.7-23.3 15.8-34.3l4.7-8.1c6.6-11 14-21.4 22.1-31.2c5.9-7.2 15.7-9.6 24.5-6.8l55.7 17.7c13.4-10.3 28.2-18.9 44-25.4l12.5-57.1c2-9.1 9-16.3 18.2-17.8C227.3 1.2 241.5 0 256 0s28.7 1.2 42.5 3.5c9.2 1.5 16.2 8.7 18.2 17.8l12.5 57.1c15.8 6.5 30.6 15.1 44 25.4l55.7-17.7c8.8-2.8 18.6-.3 24.5 6.8c8.1 9.8 15.5 20.2 22.1 31.2l4.7 8.1c6.1 11 11.4 22.4 15.8 34.3zM256 336c44.2 0 80-35.8 80-80s-35.8-80-80-80s-80 35.8-80 80s35.8 80 80 80z"
        fill="currentColor"
        style={Object {}}
      />
    </svg>
  </div>
  <div
    className="MuiBox-root css-0"
  >
    <div
      className="css-u7cer9-MuiStack-root"
    >
      <p
        className="MuiTypography-root MuiTypography-body1 css-11if9qp-MuiTypography-root"
      >
        Exercises You Should Try Out 
        <br />
      </p>
      <div
        className="MuiBox-root css-bwkq0r"
      >
        <div
          className="MuiFormControl-root MuiTextField-root css-c25zyv-MuiFormControl-root-MuiTextField-root"
          height="76px"
        >
          <div
            className="MuiInputBase-root MuiOutlinedInput-root MuiInputBase-colorPrimary MuiInputBase-formControl css-9ddj71-MuiInputBase-root-MuiOutlinedInput-root"
            onClick={[Function]}
          >
            <input
              aria-invalid={false}
              autoFocus={false}
              className="MuiInputBase-input MuiOutlinedInput-input css-1t8l2tu-MuiInputBase-input-MuiOutlinedInput-input"
              disabled={false}
              id=":r0:"
              onAnimationStart={[Function]}
              onBlur={[Function]}
              onChange={[Function]}
              onFocus={[Function]}
              placeholder="Search Exercise"
              required={false}
              type="text"
              value=""
            />
            <fieldset
              aria-hidden={true}
              className="MuiOutlinedInput-notchedOutline css-1d3z3hw-MuiOutlinedInput-notchedOutline"
            >
              <legend
                className="css-ihdtdm"
              >
                <span
                  className="notranslate"
                >
                  â€‹
                </span>
              </legend>
            </fieldset>
          </div>
        </div>
        <button
          className="MuiButtonBase-root MuiButton-root MuiButton-text MuiButton-textPrimary MuiButton-sizeMedium MuiButton-textSizeMedium MuiButton-root MuiButton-text MuiButton-textPrimary MuiButton-sizeMedium MuiButton-textSizeMedium search-btn css-17b8ots-MuiButtonBase-root-MuiButton-root"
          disabled={false}
          onBlur={[Function]}
          onClick={[Function]}
          onContextMenu={[Function]}
          onDragLeave={[Function]}
          onFocus={[Function]}
          onKeyDown={[Function]}
          onKeyUp={[Function]}
          onMouseDown={[Function]}
          onMouseLeave={[Function]}
          onMouseUp={[Function]}
          onTouchEnd={[Function]}
          onTouchMove={[Function]}
          onTouchStart={[Function]}
          tabIndex={0}
          type="button"
        >
          Search
        </button>
      </div>
    </div>
    <div
      className="css-1v6xbd9-MuiStack-root"
    >
      <svg
        data-testid="infinity-spin"
        height="100"
        viewBox="0 0 200 100"
        width="200"
        xmlns="http://www.w3.org/2000/svg"
      >
        <path
          className="sc-bcXHqe fbAoTF"
          d="M93.9,46.4c9.3,9.5,13.8,17.9,23.5,17.9s17.5-7.8,17.5-17.5s-7.8-17.6-17.5-17.5c-9.7,0.1-13.3,7.2-22.1,17.1 c-8.9,8.8-15.7,17.9-25.4,17.9s-17.5-7.8-17.5-17.5s7.8-17.5,17.5-17.5S86.2,38.6,93.9,46.4z"
          data-testid="infinity-spin-path-1"
          fill="none"
          stroke="grey"
          strokeLinecap="round"
          strokeLinejoin="round"
          strokeMiterlimit="10"
          strokeWidth="4"
        />
        <path
          d="M93.9,46.4c9.3,9.5,13.8,17.9,23.5,17.9s17.5-7.8,17.5-17.5s-7.8-17.6-17.5-17.5c-9.7,0.1-13.3,7.2-22.1,17.1 c-8.9,8.8-15.7,17.9-25.4,17.9s-17.5-7.8-17.5-17.5s7.8-17.5,17.5-17.5S86.2,38.6,93.9,46.4z"
          data-testid="infinity-spin-path-2"
          fill="none"
          opacity="0.07"
          stroke="grey"
          strokeLinecap="round"
          strokeLinejoin="round"
          strokeMiterlimit="10"
          strokeWidth="4"
        />
      </svg>
    </div>
  </div>
  <div
    className="MuiBox-root css-1mvit6d"
  >
    <div
      className="css-19v1uzv-MuiStack-root"
    >
      <img
        alt="logo"
        src="dumbbell.png"
        style={
          Object {
            "height": "50px",
            "margin": "0 20px",
            "width": "50px",
          }
        }
      />
    </div>
    <h5
      className="MuiTypography-root MuiTypography-h5 css-amfix2-MuiTypography-root"
    >
      Fitness Gym
    </h5>
  </div>
</div>
`;
